
> finnastle@0.1.0 dev
> astro dev

16:07:14 [types] Generated 5ms
16:07:14 [vite] Re-optimizing dependencies because vite config has changed

 astro  v4.16.19 ready in 135 ms

┃ Local    http://localhost:4321/
┃ Network  use --host to expose

16:07:15 watching for file changes...
16:07:15 [200] /studio 11ms
16:07:17 [200] / 2ms
16:07:24 [200] / 3ms
16:08:08 [200] /work 6ms
16:08:11 [200] /_image 183ms
16:08:11 [200] /_image 277ms
16:08:11 [200] /_image 301ms
16:08:11 [200] /_image 352ms
16:08:11 [200] /_image 437ms
16:08:11 [200] /_image 199ms
16:08:11 [200] /_image 517ms
16:08:11 [200] /_image 163ms
16:08:11 [200] /_image 380ms
16:08:11 [200] /_image 199ms
16:08:11 [200] /_image 385ms
16:09:52 [200] / 2ms
16:09:55 [200] /exhibitions 5ms
16:09:58 [200] /writing 14ms
16:10:02 [200] /tools 3ms
17:07:07 [200] /work 20ms
17:07:07 [200] /tools 3ms
21:37:31 [watch] /src/styles/global.css
21:37:38 [watch] /src/styles/global.css
21:37:50 [watch] /src/styles/global.css
21:38:18 [watch] src/pages/index.astro
21:38:18 [200] /tools 14ms
21:40:05 [watch] src/pages/work.astro
21:40:06 [200] /tools 7ms
21:40:14 [watch] src/styles/global.css
21:40:15 [200] /tools 2ms
21:40:52 [200] / 3ms
21:40:57 [200] / 2ms
21:42:38 [watch] src/pages/index.astro
21:42:39 [200] /tools 3ms
21:42:39 [200] / 3ms
21:42:51 [200] / 2ms
21:43:12 [200] /work 5ms
21:43:15 [200] /_image 183ms
21:43:15 [200] /_image 226ms
21:43:15 [200] /_image 436ms
21:43:15 [200] /_image 511ms
21:43:15 [200] /_image 607ms
21:43:15 [200] /_image 662ms
21:48:30 [200] /work 5ms
21:48:30 [200] /tools 8ms
23:39:15 [200] /tools 2ms
06:53:14 [200] /tools 34ms
06:53:17 [200] /tools 4ms
06:53:20 [200] / 10ms
06:59:50 [watch] /src/styles/global.css
06:59:58 [watch] src/pages/tools.astro
06:59:59 [200] / 7ms
07:00:18 [200] /tools/icon-pack 7ms
07:00:21 [200] /_image 81ms
07:00:21 [200] /_image 86ms
07:00:21 [200] /_image 88ms
07:00:21 [200] /_image 93ms
07:00:21 [200] /_image 97ms
07:00:21 [200] /_image 25ms
07:00:21 [200] /_image 47ms
07:00:21 [200] /_image 74ms
07:00:21 [200] /_image 173ms
07:00:21 [200] /_image 62ms
07:00:21 [200] /_image 114ms
07:00:21 [200] /_image 47ms
07:00:21 [200] /_image 110ms
07:00:21 [200] /_image 139ms
07:00:21 [200] /_image 72ms
07:00:21 [200] /_image 71ms
07:00:21 [200] /_image 51ms
07:00:21 [200] /_image 59ms
07:00:21 [200] /_image 87ms
07:00:21 [200] /_image 78ms
07:00:21 [200] /_image 71ms
07:00:21 [200] /_image 72ms
07:00:21 [200] /_image 81ms
07:00:21 [200] /_image 76ms
07:00:21 [200] /_image 62ms
07:00:21 [200] /_image 65ms
07:00:21 [200] /_image 67ms
07:00:21 [200] /_image 74ms
07:00:21 [200] /_image 76ms
07:00:21 [200] /_image 88ms
07:00:21 [200] /_image 44ms
07:00:21 [200] /_image 70ms
07:00:21 [200] /_image 84ms
07:00:21 [200] /_image 60ms
07:00:21 [200] /_image 43ms
07:00:21 [200] /_image 45ms
07:00:21 [200] /_image 59ms
07:00:21 [200] /_image 82ms
07:00:21 [200] /_image 47ms
07:06:35 [200] /tools/icon-pack 13ms
07:06:35 [200] / 5ms
08:59:24 [200] / 4ms
20:53:36 [200] / 38ms
21:25:04 [200] / 8ms
21:25:20 [200] / 19ms
21:25:50 [200] /work 31ms
21:25:51 [200] /_image 419ms
21:25:52 [200] /_image 123ms
21:25:54 [200] /_image 111ms
21:25:55 [200] /_image 563ms
21:27:49 [200] /exhibitions 8ms
21:28:06 [200] /writing 23ms
21:28:08 [200] /tools 3ms
21:28:12 [200] /writing 3ms
21:28:22 [200] /studio 7ms
21:28:22 [200] /_image 144ms
21:28:22 [200] /_image 242ms
21:28:48 [200] / 13ms
21:31:00 [watch] src/pages/work.astro
21:31:00 [200] / 56ms
21:31:01 [200] / 31ms
21:31:11 [watch] src/styles/global.css
21:31:11 [200] / 2ms
21:31:12 [200] / 3ms
21:31:35 [watch] src/consts.ts
21:31:35 [200] / 8ms
21:31:36 [200] / 2ms
21:31:47 [watch] src/components/Nav.astro
21:31:47 [200] / 4ms
21:31:48 [200] / 3ms
21:32:05 [200] /studio 6ms
21:32:08 [200] /tools 11ms
21:32:11 [200] /tools/icon-pack 12ms
21:32:11 [watch] /src/styles/global.css
21:32:34 [200] /work 9ms
21:32:35 [200] /_image 155ms
21:32:35 [200] /_image 389ms
21:32:35 [200] /_image 526ms
21:32:35 [200] /_image 640ms
21:32:35 [200] /_image 665ms
21:32:35 [200] /_image 765ms
21:32:54 [200] /_image 524ms
21:33:17 [watch] src/assets/work/bougainvillea/05-title-card.png
21:33:17 [watch] src/assets/work/bougainvillea/00-key.png
21:33:17 [watch] src/assets/work/bougainvillea/03.png
21:33:17 [200] /work 8ms
21:33:17 [200] /_image 114ms
21:33:18 [200] / 5ms
21:33:18 [200] /_image 700ms
21:33:18 [200] /_image 901ms
